// Jest Snapshot v1, https://goo.gl/fbAQLP

exports[`Snapshot to match snapshot 1`] = `
<View
  accessibilityState={
    {
      "busy": undefined,
      "checked": undefined,
      "disabled": undefined,
      "expanded": undefined,
      "selected": undefined,
    }
  }
  accessibilityValue={
    {
      "max": undefined,
      "min": undefined,
      "now": undefined,
      "text": undefined,
    }
  }
  accessible={true}
  collapsable={false}
  focusable={true}
  onClick={[Function]}
  onResponderGrant={[Function]}
  onResponderMove={[Function]}
  onResponderRelease={[Function]}
  onResponderTerminate={[Function]}
  onResponderTerminationRequest={[Function]}
  onStartShouldSetResponder={[Function]}
  style={
    {
      "alignSelf": "center",
      "backgroundColor": "#61A9FB",
      "borderRadius": 25,
      "height": 60,
      "justifyContent": "center",
      "margin": 15,
      "opacity": 1,
      "paddingHorizontal": 10,
      "width": 160,
    }
  }
>
  <Text
    style={
      {
        "color": "white",
        "fontSize": 25,
        "fontWeight": "600",
        "textAlign": "center",
      }
    }
  >
    Button
  </Text>
</View>
`;
